// Jest Snapshot v1, https://jestjs.io/docs/snapshot-testing

exports[`Group data 1`] = `
{
  "Andet": [
    {
      "body": "<p>This faq goes last in the group ...</p>",
      "categories": null,
      "documentId": "doc-32a",
      "promoted": false,
      "title": "def",
    },
    {
      "body": "<p>This faq goes first in the group ...</p>",
      "categories": null,
      "documentId": "doc-32b",
      "promoted": false,
      "title": "abc",
    },
  ],
  "Bestillinger": [
    {
      "body": "<p>This faq goes first in the group ...</p>",
      "categories": [
        {
          "name": "Bestillinger",
        },
      ],
      "documentId": "doc-30",
      "promoted": false,
      "title": "abc",
    },
  ],
  "Søgninger": [
    {
      "body": "<p>This faq goes last in the group ...</p>",
      "categories": [
        {
          "name": "Søgninger",
        },
      ],
      "documentId": "doc-31a",
      "promoted": true,
      "title": "ghi",
    },
    {
      "body": "<p>This faq goes second in the group ...</p>",
      "categories": [
        {
          "name": "Søgninger",
        },
      ],
      "documentId": "doc-31b",
      "promoted": true,
      "title": "def",
    },
    {
      "body": "<p>This faq goes first in the group...</p>",
      "categories": [
        {
          "name": "Søgninger",
        },
      ],
      "documentId": "doc-31c",
      "promoted": true,
      "title": "abc",
    },
  ],
}
`;
