// Jest Snapshot v1, https://goo.gl/fbAQLP

exports[`Group data 1`] = `
Object {
  "Andet": Array [
    Object {
      "body": "<p>This faq goes last in the group ...</p>",
      "category": null,
      "documentId": "doc-32a",
      "promoted": false,
      "title": "def",
    },
    Object {
      "body": "<p>This faq goes first in the group ...</p>",
      "category": null,
      "documentId": "doc-32b",
      "promoted": false,
      "title": "abc",
    },
  ],
  "Bestillinger": Array [
    Object {
      "body": "<p>This faq goes first in the group ...</p>",
      "category": Object {
        "name": "Bestillinger",
      },
      "documentId": "doc-30",
      "promoted": false,
      "title": "abc",
    },
  ],
  "Søgninger": Array [
    Object {
      "body": "<p>This faq goes last in the group ...</p>",
      "category": Object {
        "name": "Søgninger",
      },
      "documentId": "doc-31a",
      "promoted": true,
      "title": "ghi",
    },
    Object {
      "body": "<p>This faq goes second in the group ...</p>",
      "category": Object {
        "name": "Søgninger",
      },
      "documentId": "doc-31b",
      "promoted": true,
      "title": "def",
    },
    Object {
      "body": "<p>This faq goes first in the group...</p>",
      "category": Object {
        "name": "Søgninger",
      },
      "documentId": "doc-31c",
      "promoted": true,
      "title": "abc",
    },
  ],
}
`;
