// Jest Snapshot v1, https://jestjs.io/docs/snapshot-testing

exports[`Group and sort Data 1`] = `
{
  "Andet": [
    {
      "content": "<p>This faq goes first in the group ...</p>",
      "title": "abc",
    },
    {
      "content": "<p>This faq goes last in the group ...</p>",
      "title": "def",
    },
  ],
  "Bestillinger": [
    {
      "content": "<p>This faq goes first in the group ...</p>",
      "title": "abc",
    },
  ],
  "Søgninger": [
    {
      "content": "<p>This faq goes first in the group...</p>",
      "title": "abc",
    },
    {
      "content": "<p>This faq goes second in the group ...</p>",
      "title": "def",
    },
    {
      "content": "<p>This faq goes last in the group ...</p>",
      "title": "ghi",
    },
  ],
}
`;
