// Jest Snapshot v1, https://jestjs.io/docs/snapshot-testing

exports[`Sort data 1`] = `
[
  {
    "content": "<p>This faq goes first ...</p>",
    "title": "abc",
  },
  {
    "content": "<p>This faq goes next ...</p>",
    "title": "def",
  },
  {
    "content": "<p>This faq goes third</p>",
    "title": "ghi",
  },
  {
    "content": "<p>This faq goes last ...</p>",
    "title": "jkl",
  },
]
`;
