// Jest Snapshot v1, https://goo.gl/fbAQLP

exports[`generateJSONLD 1`] = `
Object {
  "@context": "https://schema.org",
  "@type": "WebPage",
  "breadcrumb": "Bøger > Fiktion > skønlitteratur > roman",
  "mainEntity": Object {
    "@id": "some-id",
    "@type": "Book",
    "abstract": "some description",
    "author": Array [
      Object {
        "@type": "Person",
        "name": "h g wells",
      },
    ],
    "name": "Klodernes kamp",
    "url": "https://bibliotek.dk/klodernes-kamp_h-g-wells/some-id",
    "workExample": Array [
      Object {
        "@id": "870970-basis:06442870",
        "@type": "Book",
        "author": Array [
          Object {
            "@type": "Person",
            "name": "some contributor",
          },
        ],
        "bookFormat": "http://schema.org/Paperback",
        "datePublished": "2020",
        "identifier": "870970-basis:06442870",
        "image": null,
        "inLanguage": "da",
        "url": "https://bibliotek.dk/klodernes-kamp_h-g-wells/some-id",
      },
    ],
  },
}
`;
