// Jest Snapshot v1, https://goo.gl/fbAQLP

exports[`Test_parseManifestation 1`] = `
Array [
  Object {
    "dataField": "titles",
    "label": "Titel",
    "value": <React.Fragment>
      <div>
        <Container
          type="text3"
        >
          Warcraft
        </Container>
      </div>
    </React.Fragment>,
  },
  Object {
    "dataField": "creators",
    "label": "Skabere",
    "value": <ParsedAndRenderedCreators
      creatorsOrContributors={
        Array [
          Object {
            "display": "Duncan Jones",
            "roles": Array [
              Object {
                "function": Object {
                  "singular": "instruktør",
                },
              },
              Object {
                "function": Object {
                  "singular": "manuskript",
                },
              },
            ],
          },
          Object {
            "display": "Charles Leavitt",
            "roles": Array [
              Object {
                "function": Object {
                  "singular": "manuskript",
                },
              },
            ],
          },
          Object {
            "display": "Simon Duggan",
            "roles": Array [
              Object {
                "function": Object {
                  "singular": "filmfotograf",
                },
              },
            ],
          },
        ]
      }
    />,
  },
  Object {
    "dataField": "contributors",
    "label": "Bidrag",
    "value": <RenderContributors
      contributors={
        Array [
          Object {
            "display": "Travis Fimmel",
            "roles": Array [
              Object {
                "function": Object {
                  "singular": "skuespiller",
                },
              },
            ],
          },
          Object {
            "display": "Paula Patton",
            "roles": Array [
              Object {
                "function": Object {
                  "singular": "skuespiller",
                },
              },
            ],
          },
          Object {
            "display": "Ben Foster",
            "roles": Array [
              Object {
                "function": Object {
                  "singular": "skuespiller",
                },
              },
            ],
          },
          Object {
            "display": "Dominic Cooper",
            "roles": Array [
              Object {
                "function": Object {
                  "singular": "skuespiller",
                },
              },
            ],
          },
          Object {
            "display": "Toby Kebbell",
            "roles": Array [
              Object {
                "function": Object {
                  "singular": "skuespiller",
                },
              },
            ],
          },
          Object {
            "display": "Ben Schnetzer",
            "roles": Array [
              Object {
                "function": Object {
                  "singular": "skuespiller",
                },
              },
            ],
          },
          Object {
            "display": "Rob Kazinsky",
            "roles": Array [
              Object {
                "function": Object {
                  "singular": "skuespiller",
                },
              },
            ],
          },
          Object {
            "display": "Clancy Brown",
            "roles": Array [
              Object {
                "function": Object {
                  "singular": "skuespiller",
                },
              },
            ],
          },
          Object {
            "display": "Daniel Wu",
            "roles": Array [
              Object {
                "function": Object {
                  "singular": "skuespiller",
                },
              },
            ],
          },
        ]
      }
    />,
  },
  Object {
    "dataField": "publisher",
    "label": "Udgiver",
    "value": "Universal Sony Pictures Home Entertainment",
  },
  Object {
    "dataField": "edition",
    "label": "Udgivelsesår",
    "value": "2017",
  },
  Object {
    "dataField": "physicalDescriptions",
    "label": "Omfang",
    "value": "1 blu-ray disc, blu-ray ; ca. 2 t., 3 min.",
  },
  Object {
    "dataField": "classifications",
    "label": "DK5",
    "value": "77.7 Spillefilm",
  },
  Object {
    "dataField": "notes",
    "label": "Note",
    "value": Array [
      <div>
        <div>
          Produktion: Universal Pictures (USA), Legendary Pictures (USA), Atlas Entertainment (USA), 2015
        </div>
        <div>
           
        </div>
      </div>,
      <div>
        <div>
          Baseret på spillet: Warcraft
        </div>
      </div>,
    ],
  },
  Object {
    "dataField": "languages",
    "label": "Anvendt sprog",
    "value": <ParsedAndRenderedLanguages
      languages={
        Object {
          "main": Array [
            Object {
              "display": "engelsk",
            },
          ],
          "original": Array [],
          "spoken": Array [
            Object {
              "display": "fransk",
            },
            Object {
              "display": "tysk",
            },
            Object {
              "display": "italiensk",
            },
            Object {
              "display": "spansk",
            },
            Object {
              "display": "hindi",
            },
          ],
          "subtitles": Array [
            Object {
              "display": "engelsk",
            },
            Object {
              "display": "fransk",
            },
            Object {
              "display": "tysk",
            },
            Object {
              "display": "italiensk",
            },
            Object {
              "display": "spansk",
            },
            Object {
              "display": "nederlandsk",
            },
            Object {
              "display": "dansk",
            },
            Object {
              "display": "finsk",
            },
            Object {
              "display": "norsk",
            },
            Object {
              "display": "svensk",
            },
            Object {
              "display": "portugisisk",
            },
            Object {
              "display": "hindi",
            },
            Object {
              "display": "arabisk",
            },
            Object {
              "display": "islandsk",
            },
          ],
        }
      }
    />,
  },
]
`;

exports[`Test_parseManifestation 2`] = `
Array [
  Object {
    "dataField": "creators",
    "label": "Skabere",
    "value": <ParsedAndRenderedCreators
      creatorsOrContributors={
        Array [
          Object {
            "name": "some contributor",
          },
          Object {
            "name": "some other contributor",
          },
        ]
      }
    />,
  },
  Object {
    "dataField": "notes",
    "label": "Note",
    "value": Array [
      <div>
        <div>
           
        </div>
      </div>,
      <div>
        <div>
           
        </div>
      </div>,
      <div>
        <div>
           
        </div>
      </div>,
      <div>
        <div>
           
        </div>
      </div>,
      <div>
        <div>
           
        </div>
      </div>,
      <div>
        <div>
           
        </div>
      </div>,
      <div>
        <div>
           
        </div>
      </div>,
      <div>
        <div>
           
        </div>
      </div>,
      <div>
        <div>
           
        </div>
      </div>,
      <div />,
    ],
  },
]
`;
