// Jest Snapshot v1, https://jestjs.io/docs/snapshot-testing

exports[`Test_parseManifestation 1`] = `
[
  {
    "dataField": "titles",
    "label": "Titel",
    "value": <React.Fragment>
      <div>
        <Container
          type="text3"
        >
          Warcraft
        </Container>
      </div>
    </React.Fragment>,
  },
  {
    "dataField": "creators",
    "label": "Skabere",
    "value": <ParsedAndRenderedCreators
      creatorsOrContributors={
        [
          {
            "display": "Duncan Jones",
            "roles": [
              {
                "function": {
                  "singular": "instruktør",
                },
              },
              {
                "function": {
                  "singular": "manuskript",
                },
              },
            ],
          },
          {
            "display": "Charles Leavitt",
            "roles": [
              {
                "function": {
                  "singular": "manuskript",
                },
              },
            ],
          },
          {
            "display": "Simon Duggan",
            "roles": [
              {
                "function": {
                  "singular": "filmfotograf",
                },
              },
            ],
          },
        ]
      }
    />,
  },
  {
    "dataField": "contributors",
    "label": "Bidrag",
    "value": <RenderContributors
      contributors={
        [
          {
            "display": "Travis Fimmel",
            "roles": [
              {
                "function": {
                  "singular": "skuespiller",
                },
              },
            ],
          },
          {
            "display": "Paula Patton",
            "roles": [
              {
                "function": {
                  "singular": "skuespiller",
                },
              },
            ],
          },
          {
            "display": "Ben Foster",
            "roles": [
              {
                "function": {
                  "singular": "skuespiller",
                },
              },
            ],
          },
          {
            "display": "Dominic Cooper",
            "roles": [
              {
                "function": {
                  "singular": "skuespiller",
                },
              },
            ],
          },
          {
            "display": "Toby Kebbell",
            "roles": [
              {
                "function": {
                  "singular": "skuespiller",
                },
              },
            ],
          },
          {
            "display": "Ben Schnetzer",
            "roles": [
              {
                "function": {
                  "singular": "skuespiller",
                },
              },
            ],
          },
          {
            "display": "Rob Kazinsky",
            "roles": [
              {
                "function": {
                  "singular": "skuespiller",
                },
              },
            ],
          },
          {
            "display": "Clancy Brown",
            "roles": [
              {
                "function": {
                  "singular": "skuespiller",
                },
              },
            ],
          },
          {
            "display": "Daniel Wu",
            "roles": [
              {
                "function": {
                  "singular": "skuespiller",
                },
              },
            ],
          },
        ]
      }
      materialTypes={
        [
          "FILMS",
        ]
      }
    />,
  },
  {
    "dataField": "publisher",
    "label": "Udgiver",
    "value": "Universal Sony Pictures Home Entertainment",
  },
  {
    "dataField": "edition",
    "label": "Udgivelsesår",
    "value": "2017",
  },
  {
    "dataField": "physicalDescription",
    "label": "Omfang",
    "value": "1 blu-ray disc, blu-ray ; ca. 2 t., 3 min.",
  },
  {
    "dataField": "classifications",
    "label": "DK5",
    "value": [
      <Container
        tag="div"
      >
        <Wrap
          border={
            {
              "bottom": {
                "keepVisible": true,
              },
              "top": false,
            }
          }
          href="/avanceret?fieldSearch=%7B%22inputFields%22%3A%5B%7B%22value%22%3A%2277.7%22%2C%22prefixLogicalOperator%22%3Anull%2C%22searchIndex%22%3A%22dk5%22%7D%5D%7D"
        >
          77.7, spillefilm
        </Wrap>
      </Container>,
    ],
  },
  {
    "dataField": "pid",
    "label": "Faustnummer",
    "value": "53001211",
  },
  {
    "dataField": "notes",
    "label": "Note",
    "value": [
      <div>
        <div>
          Produktion: Universal Pictures (USA), Legendary Pictures (USA), Atlas Entertainment (USA), 2015
        </div>
        <div>
           
        </div>
      </div>,
      <div>
        <div>
          Baseret på spillet: Warcraft
        </div>
      </div>,
    ],
  },
  {
    "dataField": "languages",
    "label": "Anvendt sprog",
    "value": <ParsedAndRenderedLanguages
      languages={
        {
          "main": [
            {
              "display": "engelsk",
            },
          ],
          "original": [],
          "spoken": [
            {
              "display": "fransk",
            },
            {
              "display": "tysk",
            },
            {
              "display": "italiensk",
            },
            {
              "display": "spansk",
            },
            {
              "display": "hindi",
            },
          ],
          "subtitles": [
            {
              "display": "engelsk",
            },
            {
              "display": "fransk",
            },
            {
              "display": "tysk",
            },
            {
              "display": "italiensk",
            },
            {
              "display": "spansk",
            },
            {
              "display": "nederlandsk",
            },
            {
              "display": "dansk",
            },
            {
              "display": "finsk",
            },
            {
              "display": "norsk",
            },
            {
              "display": "svensk",
            },
            {
              "display": "portugisisk",
            },
            {
              "display": "hindi",
            },
            {
              "display": "arabisk",
            },
            {
              "display": "islandsk",
            },
          ],
        }
      }
    />,
  },
]
`;

exports[`Test_parseManifestation 2`] = `
[
  {
    "dataField": "creators",
    "label": "Skabere",
    "value": <ParsedAndRenderedCreators
      creatorsOrContributors={
        [
          {
            "name": "some contributor",
          },
          {
            "name": "some other contributor",
          },
        ]
      }
    />,
  },
  {
    "dataField": "notes",
    "label": "Note",
    "value": [
      <div>
        <div>
           
        </div>
      </div>,
      <div>
        <div>
           
        </div>
      </div>,
      <div>
        <div>
           
        </div>
      </div>,
      <div>
        <div>
           
        </div>
      </div>,
      <div>
        <div>
           
        </div>
      </div>,
      <div>
        <div>
           
        </div>
      </div>,
      <div>
        <div>
           
        </div>
      </div>,
      <div>
        <div>
           
        </div>
      </div>,
      <div>
        <div>
           
        </div>
      </div>,
      <div />,
    ],
  },
]
`;
